Flutter crash report.
Please report a bug at https://github.com/flutter/flutter/issues.

## command

flutter build web --release

## exception

FileSystemException: FileSystemException: Failed to decode data using encoding 'utf-8', path = 'C:\Users\USER\Desktop\mobile.dart\flutter_application_1\.gitignore'

```
#0      _File._tryDecode (dart:io/file_impl.dart:704:7)
#1      _File.readAsStringSync (dart:io/file_impl.dart:715:7)
#2      _File.readAsLinesSync (dart:io/file_impl.dart:721:36)
#3      ForwardingFile.readAsLinesSync (package:file/src/forwarding/forwarding_file.dart:107:16)
#4      ForwardingFile.readAsLinesSync (package:file/src/forwarding/forwarding_file.dart:107:16)
#5      ProjectMigrator.processFileLines (package:flutter_tools/src/base/project_migrator.dart:40:37)
#6      ScrubGeneratedPluginRegistrant.migrate (package:flutter_tools/src/web/migrations/scrub_generated_plugin_registrant.dart:28:7)
#7      ProjectMigration.run (package:flutter_tools/src/base/project_migrator.dart:86:22)
#8      WebBuilder.buildWeb (package:flutter_tools/src/web/compile.dart:102:21)
<asynchronous suspension>
#9      BuildWebCommand.runCommand (package:flutter_tools/src/commands/build_web.dart:300:5)
<asynchronous suspension>
#10     FlutterCommand.run.<anonymous closure> (package:flutter_tools/src/runner/flutter_command.dart:1590:27)
<asynchronous suspension>
#11     AppContext.run.<anonymous closure> (package:flutter_tools/src/base/context.dart:154:19)
<asynchronous suspension>
#12     CommandRunner.runCommand (package:args/command_runner.dart:212:13)
<asynchronous suspension>
#13     FlutterCommandRunner.runCommand.<anonymous closure> (package:flutter_tools/src/runner/flutter_command_runner.dart:496:9)
<asynchronous suspension>
#14     AppContext.run.<anonymous closure> (package:flutter_tools/src/base/context.dart:154:19)
<asynchronous suspension>
#15     FlutterCommandRunner.runCommand (package:flutter_tools/src/runner/flutter_command_runner.dart:431:5)
<asynchronous suspension>
#16     FlutterCommandRunner.run.<anonymous closure> (package:flutter_tools/src/runner/flutter_command_runner.dart:307:33)
<asynchronous suspension>
#17     run.<anonymous closure>.<anonymous closure> (package:flutter_tools/runner.dart:104:11)
<asynchronous suspension>
#18     AppContext.run.<anonymous closure> (package:flutter_tools/src/base/context.dart:154:19)
<asynchronous suspension>
#19     main (package:flutter_tools/executable.dart:103:3)
<asynchronous suspension>
```

## flutter doctor

```
[32m[✓][39m Flutter (Channel stable, 3.41.6, on Microsoft Windows [Version 10.0.19045.6466], locale en-US) [1,701ms]
    [32m•[39m Flutter version 3.41.6 on channel stable at C:\Users\USER\Desktop\mobile.dart\flutter
    [32m•[39m Upstream repository https://github.com/flutter/flutter.git
    [32m•[39m Framework revision db50e20168 (7 weeks ago), 2026-03-25 16:21:00 -0700
    [32m•[39m Engine revision 425cfb54d0
    [32m•[39m Dart version 3.11.4
    [32m•[39m DevTools version 2.54.2
    [32m•[39m Feature flags: enable-web, enable-linux-desktop, enable-macos-desktop, enable-windows-desktop, enable-android, enable-ios, cli-animations,
      enable-native-assets, omit-legacy-version-file, enable-lldb-debugging, enable-uiscene-migration

[32m[✓][39m Windows Version (10 Pro 64-bit, 22H2, 2009) [54.4s]

[32m[✓][39m Android toolchain - develop for Android devices (Android SDK version 36.1.0) [40.0s]
    [32m•[39m Android SDK at C:\Users\USER\AppData\Local\Android\sdk
    [32m•[39m Emulator version 36.4.10.0 (build_id 15004761) (CL:N/A)
    [32m•[39m Platform android-36.1, build-tools 36.1.0
    [32m•[39m Java binary at: C:\Program Files\Android\Android Studio\jbr\bin\java
      This is the JDK bundled with the latest Android Studio installation on this machine.
      To manually set the JDK path, use: `flutter config --jdk-dir="path/to/jdk"`.
    [32m•[39m Java version OpenJDK Runtime Environment (build 21.0.9+-14787801-b1163.94)
    [32m•[39m All Android licenses accepted.

[32m[✓][39m Chrome - develop for the web [158ms]
    [32m•[39m Chrome at C:\Program Files (x86)\Google\Chrome\Application\chrome.exe

[31m[✗][39m Visual Studio - develop Windows apps [109ms]
    [31m✗[39m Visual Studio not installed; this is necessary to develop Windows apps.
      Download at https://visualstudio.microsoft.com/downloads/.
      Please install the "Desktop development with C++" workload, including all of its default components

[32m[✓][39m Connected device (3 available) [7.4s]
    [32m•[39m Windows (desktop) • windows • windows-x64    • Microsoft Windows [Version 10.0.19045.6466]
    [32m•[39m Chrome (web)      • chrome  • web-javascript • Google Chrome 147.0.7727.117
    [32m•[39m Edge (web)        • edge    • web-javascript • Microsoft Edge 146.0.3856.109

[32m[✓][39m Network resources [1,869ms]
    [32m•[39m All expected network resources are available.

[33m![39m Doctor found issues in 1 category.
```
